stm32f446xx_spi_driver.c:181:13:spi_txe_interrupt_handle	16	static
stm32f446xx_spi_driver.c:210:13:spi_rxne_interrupt_handle	16	static
stm32f446xx_spi_driver.c:237:13:spi_ovr_err_interrupt_handle	24	static
stm32f446xx_spi_driver.c:267:6:SPI_PClockControl	16	static
stm32f446xx_spi_driver.c:310:6:SPI_Init	24	static
stm32f446xx_spi_driver.c:364:6:SPI_DeInit	16	static
stm32f446xx_spi_driver.c:392:6:SPI_SendData	24	static
stm32f446xx_spi_driver.c:434:6:SPI_ReceiveData	24	static
stm32f446xx_spi_driver.c:475:9:SPI_SendDataIT	32	static
stm32f446xx_spi_driver.c:510:9:SPI_ReceiveDataIT	32	static
stm32f446xx_spi_driver.c:546:6:SPI_IRQInterruptConfig	16	static
stm32f446xx_spi_driver.c:602:6:SPI_IRQPriorityConfig	24	static
stm32f446xx_spi_driver.c:628:6:SPI_IRQHandling	24	static
stm32f446xx_spi_driver.c:695:6:SPI_PeripheralControl	16	static
stm32f446xx_spi_driver.c:718:6:SPI_SSIConfig	16	static
stm32f446xx_spi_driver.c:743:6:SPI_SSOEConfig	16	static
stm32f446xx_spi_driver.c:765:9:SPI_GetFlagStatus	16	static
stm32f446xx_spi_driver.c:786:6:SPI_ClearOVRFlag	24	static
stm32f446xx_spi_driver.c:806:6:SPI_CloseTransmission	16	static
stm32f446xx_spi_driver.c:826:6:SPI_CloseReception	16	static
stm32f446xx_spi_driver.c:848:13:SPI_ApplicationEventCallback	16	static
